Flow report for flappybird
Wed Nov 02 14:25:55 2016
Quartus II Version 9.1 Build 222 10/21/2009 SJ Full Version


---------------------
; Table of Contents ;
---------------------
  1. Legal Notice
  2. Flow Summary
  3. Flow Settings
  4. Flow Non-Default Global Settings
  5. Flow Elapsed Time
  6. Flow OS Summary
  7. Flow Log



----------------
; Legal Notice ;
----------------
Copyright (C) 1991-2009 Altera Corporation
Your use of Altera Corporation's design tools, logic functions 
and other software and tools, and its AMPP partner logic 
functions, and any output files from any of the foregoing 
(including device programming or simulation files), and any 
associated documentation or information are expressly subject 
to the terms and conditions of the Altera Program License 
Subscription Agreement, Altera MegaCore Function License 
Agreement, or other applicable license agreement, including, 
without limitation, that your use is for the sole purpose of 
programming logic devices manufactured by Altera and sold by 
Altera or its authorized distributors.  Please refer to the 
applicable agreement for further details.



+--------------------------------------------------------------------+
; Flow Summary                                                       ;
+-------------------------+------------------------------------------+
; Flow Status             ; Successful - Wed Nov 02 14:25:53 2016    ;
; Quartus II Version      ; 9.1 Build 222 10/21/2009 SJ Full Version ;
; Revision Name           ; flappybird                               ;
; Top-level Entity Name   ; flappybird                               ;
; Family                  ; MAX II                                   ;
; Device                  ; EPM1270T144C5                            ;
; Timing Models           ; Final                                    ;
; Met timing requirements ; No                                       ;
; Total logic elements    ; 834 / 1,270 ( 66 % )                     ;
; Total pins              ; 52 / 116 ( 45 % )                        ;
; Total virtual pins      ; 0                                        ;
; UFM blocks              ; 0 / 1 ( 0 % )                            ;
+-------------------------+------------------------------------------+


+-----------------------------------------+
; Flow Settings                           ;
+-------------------+---------------------+
; Option            ; Setting             ;
+-------------------+---------------------+
; Start date & time ; 11/02/2016 14:21:48 ;
; Main task         ; Compilation         ;
; Revision Name     ; flappybird          ;
+-------------------+---------------------+


+-------------------------------------------------------------------------------------------------------------------------------------+
; Flow Non-Default Global Settings                                                                                                    ;
+---------------------------------------+-----------------------------------------+---------------+-------------+---------------------+
; Assignment Name                       ; Value                                   ; Default Value ; Entity Name ; Section Id          ;
+---------------------------------------+-----------------------------------------+---------------+-------------+---------------------+
; COMPILER_SIGNATURE_ID                 ; 273486649852171.147806770801516         ; --            ; --          ; --                  ;
; EDA_OUTPUT_DATA_FORMAT                ; Verilog Hdl                             ; --            ; --          ; eda_timing_analysis ;
; EDA_TIMING_ANALYSIS_TOOL              ; PrimeTime (Verilog)                     ; <None>        ; --          ; --                  ;
; MAX_CORE_JUNCTION_TEMP                ; 85                                      ; --            ; --          ; --                  ;
; MIN_CORE_JUNCTION_TEMP                ; 0                                       ; --            ; --          ; --                  ;
; MISC_FILE                             ; D:/ff/flappybird.dpf                    ; --            ; --          ; --                  ;
; MISC_FILE                             ; F:/ff/flappybird.dpf                    ; --            ; --          ; --                  ;
; MISC_FILE                             ; E:/ff/flappybird.dpf                    ; --            ; --          ; --                  ;
; MISC_FILE                             ; E:/ff2/flappybird.dpf                   ; --            ; --          ; --                  ;
; MISC_FILE                             ; F:/ff2双人/flappybird.dpf               ; --            ; --          ; --                  ;
; MISC_FILE                             ; D:/flappybird+速度+双人/flappybird.dpf  ; --            ; --          ; --                  ;
; MISC_FILE                             ; G:/flappybird+速度+双人1/flappybird.dpf ; --            ; --          ; --                  ;
; MISC_FILE                             ; H:/flappybird+速度+双人1/flappybird.dpf ; --            ; --          ; --                  ;
; MISC_FILE                             ; G:/flappybird3.0/flappybird.dpf         ; --            ; --          ; --                  ;
; MISC_FILE                             ; G:/flappybird5.0/flappybird.dpf         ; --            ; --          ; --                  ;
; POWER_EXT_SUPPLY_VOLTAGE_TO_REGULATOR ; 3.3V                                    ; --            ; --          ; --                  ;
; USE_GENERATED_PHYSICAL_CONSTRAINTS    ; Off                                     ; --            ; --          ; eda_blast_fpga      ;
+---------------------------------------+-----------------------------------------+---------------+-------------+---------------------+


+-----------------------------------------------------------------------------------------------------------------------------+
; Flow Elapsed Time                                                                                                           ;
+-------------------------+--------------+-------------------------+---------------------+------------------------------------+
; Module Name             ; Elapsed Time ; Average Processors Used ; Peak Virtual Memory ; Total CPU Time (on all processors) ;
+-------------------------+--------------+-------------------------+---------------------+------------------------------------+
; Analysis & Synthesis    ; 00:00:33     ; 1.0                     ; 189 MB              ; 00:00:04                           ;
; Fitter                  ; 00:00:14     ; 1.0                     ; 211 MB              ; 00:00:02                           ;
; Assembler               ; 00:00:17     ; 1.0                     ; 143 MB              ; 00:00:00                           ;
; Classic Timing Analyzer ; 00:00:12     ; 1.0                     ; 115 MB              ; 00:00:01                           ;
; EDA Netlist Writer      ; 00:00:31     ; 1.0                     ; 127 MB              ; 00:00:01                           ;
; Total                   ; 00:01:47     ; --                      ; --                  ; 00:00:08                           ;
+-------------------------+--------------+-------------------------+---------------------+------------------------------------+


+---------------------------------------------------------------------------------------+
; Flow OS Summary                                                                       ;
+-------------------------+------------------+------------+------------+----------------+
; Module Name             ; Machine Hostname ; OS Name    ; OS Version ; Processor type ;
+-------------------------+------------------+------------+------------+----------------+
; Analysis & Synthesis    ; A11              ; Windows XP ; 5.1        ; i686           ;
; Fitter                  ; A11              ; Windows XP ; 5.1        ; i686           ;
; Assembler               ; A11              ; Windows XP ; 5.1        ; i686           ;
; Classic Timing Analyzer ; A11              ; Windows XP ; 5.1        ; i686           ;
; EDA Netlist Writer      ; A11              ; Windows XP ; 5.1        ; i686           ;
+-------------------------+------------------+------------+------------+----------------+


------------
; Flow Log ;
------------
quartus_map --read_settings_files=on --write_settings_files=off flappybird -c flappybird
quartus_fit --read_settings_files=off --write_settings_files=off flappybird -c flappybird
quartus_asm --read_settings_files=off --write_settings_files=off flappybird -c flappybird
quartus_tan --read_settings_files=off --write_settings_files=off flappybird -c flappybird
quartus_eda --read_settings_files=off --write_settings_files=off flappybird -c flappybird



